------------------------------------------------------------
Timing Analyzer Summary
------------------------------------------------------------

Type  : Slow 1200mV 85C Model Setup 'clk'
Slack : -1.604
TNS   : -29.658

Type  : Slow 1200mV 85C Model Setup 'seg7_controller:seg7_controller_inst|cnt[11]'
Slack : -0.002
TNS   : -0.002

Type  : Slow 1200mV 85C Model Hold 'seg7_controller:seg7_controller_inst|cnt[11]'
Slack : 0.453
TNS   : 0.000

Type  : Slow 1200mV 85C Model Hold 'clk'
Slack : 0.465
TNS   : 0.000

Type  : Slow 1200mV 85C Model Minimum Pulse Width 'clk'
Slack : -3.000
TNS   : -74.376

Type  : Slow 1200mV 85C Model Minimum Pulse Width 'seg7_controller:seg7_controller_inst|cnt[11]'
Slack : -1.487
TNS   : -2.974

Type  : Slow 1200mV 0C Model Setup 'clk'
Slack : -1.321
TNS   : -24.299

Type  : Slow 1200mV 0C Model Setup 'seg7_controller:seg7_controller_inst|cnt[11]'
Slack : 0.092
TNS   : 0.000

Type  : Slow 1200mV 0C Model Hold 'seg7_controller:seg7_controller_inst|cnt[11]'
Slack : 0.402
TNS   : 0.000

Type  : Slow 1200mV 0C Model Hold 'clk'
Slack : 0.417
TNS   : 0.000

Type  : Slow 1200mV 0C Model Minimum Pulse Width 'clk'
Slack : -3.000
TNS   : -74.376

Type  : Slow 1200mV 0C Model Minimum Pulse Width 'seg7_controller:seg7_controller_inst|cnt[11]'
Slack : -1.487
TNS   : -2.974

Type  : Fast 1200mV 0C Model Setup 'clk'
Slack : -0.336
TNS   : -0.520

Type  : Fast 1200mV 0C Model Setup 'seg7_controller:seg7_controller_inst|cnt[11]'
Slack : 0.565
TNS   : 0.000

Type  : Fast 1200mV 0C Model Hold 'seg7_controller:seg7_controller_inst|cnt[11]'
Slack : 0.187
TNS   : 0.000

Type  : Fast 1200mV 0C Model Hold 'clk'
Slack : 0.193
TNS   : 0.000

Type  : Fast 1200mV 0C Model Minimum Pulse Width 'clk'
Slack : -3.000
TNS   : -54.048

Type  : Fast 1200mV 0C Model Minimum Pulse Width 'seg7_controller:seg7_controller_inst|cnt[11]'
Slack : -1.000
TNS   : -2.000

------------------------------------------------------------
